[OK] Подключение к SolidWorks выполнено.
[OK] Revision: 33.5.0
[INFO] Проверка без сохранения: F:\Project\DrawingTo3D\CadTest\output\completed-endings-verification\d919a765be3a412094616974a054827e\BEFORE_d919a765be3a412094616974a054827e.SLDPRT; warnings=0.
[AUDIT] Opened document: F:\Project\DrawingTo3D\CadTest\output\completed-endings-verification\d919a765be3a412094616974a054827e\BEFORE_d919a765be3a412094616974a054827e.SLDPRT; active document: F:\Project\DrawingTo3D\CadTest\output\completed-endings-verification\d919a765be3a412094616974a054827e\BEFORE_d919a765be3a412094616974a054827e.SLDPRT.
[INFO] Проверка без сохранения: F:\Project\DrawingTo3D\CadTest\output\completed-endings-verification\d919a765be3a412094616974a054827e\VERIFY_d919a765be3a412094616974a054827e.SLDPRT; warnings=0.
[AUDIT] Opened document: F:\Project\DrawingTo3D\CadTest\output\completed-endings-verification\d919a765be3a412094616974a054827e\VERIFY_d919a765be3a412094616974a054827e.SLDPRT; active document: F:\Project\DrawingTo3D\CadTest\output\completed-endings-verification\d919a765be3a412094616974a054827e\VERIFY_d919a765be3a412094616974a054827e.SLDPRT.
[M12 ENTRY BOOLEAN RECONSTRUCTION OK] 2 removed bodies rejoined; both differences empty (0/0).
[M6 PARAMETERS] {"Feature":"TIFF_M6_1_THREAD","Type":"C:\\ProgramData\\SolidWorks\\SOLIDWORKS 2025\\thread profiles\\Metric Tap.SLDLFP","Size":"M6x1.0","PitchOverride":true,"Pitch":0.001,"BlindDepth":0.016,"RightHanded":true,"MultipleStart":false,"ReverseDirection":false,"TrimStartFace":false,"TrimEndFace":true,"ThreadMethod":0,"EndCondition":0,"DiameterOverride":false,"Diameter":0,"Offset":true,"OffsetDistance":0.001,"ReverseOffset":true,"MaintainThreadLength":true}
[M6 PARAMETERS] {"Feature":"TIFF_M6_2_THREAD","Type":"C:\\ProgramData\\SolidWorks\\SOLIDWORKS 2025\\thread profiles\\Metric Tap.SLDLFP","Size":"M6x1.0","PitchOverride":true,"Pitch":0.001,"BlindDepth":0.016,"RightHanded":true,"MultipleStart":false,"ReverseDirection":false,"TrimStartFace":false,"TrimEndFace":true,"ThreadMethod":0,"EndCondition":0,"DiameterOverride":false,"Diameter":0,"Offset":true,"OffsetDistance":0.001,"ReverseOffset":true,"MaintainThreadLength":true}
[M6 PARAMETERS] {"Feature":"TIFF_M6_3_THREAD","Type":"C:\\ProgramData\\SolidWorks\\SOLIDWORKS 2025\\thread profiles\\Metric Tap.SLDLFP","Size":"M6x1.0","PitchOverride":true,"Pitch":0.001,"BlindDepth":0.016,"RightHanded":true,"MultipleStart":false,"ReverseDirection":false,"TrimStartFace":false,"TrimEndFace":true,"ThreadMethod":0,"EndCondition":0,"DiameterOverride":false,"Diameter":0,"Offset":true,"OffsetDistance":0.001,"ReverseOffset":true,"MaintainThreadLength":true}
[M6 PARAMETERS] {"Feature":"TIFF_M6_4_THREAD","Type":"C:\\ProgramData\\SolidWorks\\SOLIDWORKS 2025\\thread profiles\\Metric Tap.SLDLFP","Size":"M6x1.0","PitchOverride":true,"Pitch":0.001,"BlindDepth":0.016,"RightHanded":true,"MultipleStart":false,"ReverseDirection":false,"TrimStartFace":false,"TrimEndFace":true,"ThreadMethod":0,"EndCondition":0,"DiameterOverride":false,"Diameter":0,"Offset":true,"OffsetDistance":0.001,"ReverseOffset":true,"MaintainThreadLength":true}
[M6 BOOLEAN RECONSTRUCTION OK] 4 removed bodies rejoined; both differences empty (0/0).
[TIFF M6 OK] four threads, samples=429,429,429,429, V=235,224291061, R=2,458734123..2,999999998.
[COMPLETED ENDINGS CHECK] M6
[EXPERIMENT M6 POINTS OK] four120deg tips;total depth22;angle is assumption.
[COMPLETED ENDINGS CHECK] M6Points
[OK] TRIAL_M12x1_75_7H_nominal_1: 396 edge samples, X=247,000000..263,947219, R=5,052785..6,000002.
[OK] TRIAL_M12x1_75_7H_nominal_2: 396 edge samples, X=247,000000..263,947219, R=5,052785..6,000002.
[COMPLETED ENDINGS CHECK] M12
[AUDIT] M90 parameters: Type=C:\ProgramData\SolidWorks\SOLIDWORKS 2025\thread profiles\Metric Die.SLDLFP, Size=M16x2.0, Pitch=0,002, Depth=0,033, Reverse=False, Diameter=0,09, Override=True.
[AUDIT] M90 progress: 4 faces, 528 edge samples.
[AUDIT] M90 progress: 8 faces, 1056 edge samples.
[AUDIT] M90 progress: 12 faces, 1584 edge samples.
[AUDIT] M90 progress: 16 faces, 2112 edge samples.
[AUDIT] M90 progress: 20 faces, 2640 edge samples.
[AUDIT] M90 progress: 24 faces, 3168 edge samples.
[AUDIT] M90 progress: 28 faces, 3696 edge samples.
[AUDIT] M90 progress: 32 faces, 4224 edge samples.
[AUDIT] M90 progress: 36 faces, 4752 edge samples.
[AUDIT] M90 progress: 40 faces, 5280 edge samples.
[AUDIT] M90 progress: 44 faces, 5808 edge samples.
[AUDIT] M90 progress: 48 faces, 6336 edge samples.
[AUDIT] M90 progress: 52 faces, 6864 edge samples.
[AUDIT] M90: N=7128, X=5,000000..39,750000, R=43,917468..45,000000.
[COMPLETED ENDINGS CHECK] M90
[COMPLETED ENDINGS CHECK] M8Mouths
[M8 BLEND] II:present=101/160,projectionFailures=0,curvatureFailures=0,centerResidual=9,094947017729282E-13,radiusResidual=4,3853809472693683E-14,trimDistance=0,7020090952799523.
[M8 BLEND] AA:present=67/160,projectionFailures=0,curvatureFailures=1,centerResidual=2,4442670110147446E-12,radiusResidual=4,218847493575595E-14,trimDistance=0,8192378981701439.
[COMPLETED ENDINGS CHECK] M8Blends
[CUSTOM KG PROFILE OK] 60: four sides, flat0.10/depth0.45; max vertex error=2,9801630848836605E-14.
[KG HELICAL PITCH] 60:span=4,000013215739087,signedPitch=0,9407407392250248,fitResidual=6,124765520184645E-06.
[KG HELICAL PITCH] 60:span=3,9999953529762453,signedPitch=0,9407433367735377,fitResidual=1,4158923046762604E-05.
[KG HELICAL PITCH] 60:span=4,000013215739087,signedPitch=0,9407407392250248,fitResidual=6,124765520184645E-06.
[KG HELICAL PITCH] 60:span=4,000013269604732,signedPitch=0,9407399635347928,fitResidual=6,1019158677951454E-06.
[KG HELICAL PITCH] 60:span=4,000013269604732,signedPitch=0,9407399635347928,fitResidual=6,1019158677951454E-06.
[KG HELICAL PITCH] 60:span=3,9999965183558324,signedPitch=0,9407383962607795,fitResidual=1,376079648798015E-05.
[KG HELICAL BOUNDS] 60:N=5140,t=1,712696473452568..6,297856535851947,r=4,203191983254559..4,757500000000007.
[CUSTOM KG PROFILE OK] 120: four sides, flat0.10/depth0.45; max vertex error=2,7295700090855615E-14.
[KG HELICAL PITCH] 120:span=4,0000132157378046,signedPitch=0,9407407392249897,fitResidual=6,124763235833087E-06.
[KG HELICAL PITCH] 120:span=3,9999953529768475,signedPitch=0,9407433367738088,fitResidual=1,4158920646715068E-05.
[KG HELICAL PITCH] 120:span=4,0000132157378046,signedPitch=0,9407407392249897,fitResidual=6,124763235833087E-06.
[KG HELICAL PITCH] 120:span=4,000013269603419,signedPitch=0,9407399635348132,fitResidual=6,101913430517558E-06.
[KG HELICAL PITCH] 120:span=4,000013269603419,signedPitch=0,9407399635348132,fitResidual=6,101913430517558E-06.
[KG HELICAL PITCH] 120:span=3,9999965183565998,signedPitch=0,9407383962610484,fitResidual=1,3760793643921897E-05.
[KG HELICAL BOUNDS] 120:N=5140,t=1,7126964734525831..6,297856535852754,r=4,203191983254566..4,7575000000000145.
[COMPLETED ENDINGS CHECK] KG
[OK] APPROX KG pilot 60: 198 samples, residual=0,000000000, end=7,000000.
[OK] APPROX KG pilot 120: 198 samples, residual=0,000000000, end=7,000000.
[COMPLETED ENDINGS CHECK] KgEntries
[OK] APPROX KG pilot 60: 198 samples, residual=0,000000000, end=7,000000.
[OK] APPROX KG pilot 120: 198 samples, residual=0,000000000, end=7,000000.
[COMPLETED ENDINGS CHECK] KgPrep
[OK] APPROX DK: 195 samples, residual=0,000000000, D12 connections=1.
[COMPLETED ENDINGS CHECK] DK
[OK] Trial spline surfaces: 38 root faces, 76 fillet faces, 38 R50 runouts at X70.
[COMPLETED ENDINGS CHECK] Splines
[ACCURACY] 10/76 CAD flanks checked, max sampled error 1,168255E-009 mm.
[ACCURACY] 20/76 CAD flanks checked, max sampled error 1,168260E-009 mm.
[ACCURACY] 30/76 CAD flanks checked, max sampled error 1,168260E-009 mm.
[ACCURACY] 40/76 CAD flanks checked, max sampled error 1,168271E-009 mm.
[ACCURACY] 50/76 CAD flanks checked, max sampled error 1,168282E-009 mm.
[ACCURACY] 60/76 CAD flanks checked, max sampled error 1,168282E-009 mm.
[ACCURACY] 70/76 CAD flanks checked, max sampled error 1,168292E-009 mm.
[OK] CAD involutes: 76 curves, 9804 samples, maximum error 1,168292112E-009 mm.
[COMPLETED ENDINGS CHECK] Involutes
[TIFF OK] 10deg/D6.3 cylinder; bore edges=1; feed edges=2.
[COMPLETED ENDINGS CHECK] II
[TIFF AA OK] EXPERIMENT_AA_POINT_CYLINDER: cylinders=1, radial edges=1, feed edges=2.
[TIFF AA OK] EXPERIMENT_AA_RADIAL_CYLINDER: cylinders=1, radial edges=0, feed edges=0.
[TIFF AA OK] EXPERIMENT_AA_FEED_CYLINDER: cylinders=1, radial edges=0, feed edges=0.
[COMPLETED ENDINGS CHECK] AA
[OK] Drawing D19: 12 cylinders, 72 samples, X247..265; PCD226/phase15.
[COMPLETED ENDINGS CHECK] Holes19
[LEFT SLOT CHECK] floor39.5,R35 center25/74.5,width16,00000000000078;samples5742.
[COMPLETED ENDINGS CHECK] Slot
[TIFF BORE OK] D110: X=183,000000000..233,000000000, samples=66.
[COMPLETED ENDINGS CHECK] Exterior
[TIFF BORE OK] D115: X=260,000000000..265,000000000, samples=66.
[COMPLETED ENDINGS CHECK] RearCollar
[TEST OK] Experimental L selected chain:181+51=232=237-(56-51); groove230.1..232; land=3,8; exit235.8..237. NOT source acceptance.
[TIFF BORE OK] D68: X=181,000000000..230,100000000, samples=99.
[TIFF BORE OK] D68: X=232,000000000..235,800000000, samples=66.
[TIFF BORE OK] D71: X=230,100000000..232,000000000, samples=66.
[TIFF BORE OK] D80: X=237,000000000..265,000000000, samples=66.
[EXPERIMENT L OK] X235,8..237; angle30 to axis; samples=66; NOT drawing acceptance.
[COMPLETED ENDINGS CHECK] BoreL
[PP EDGE] {"Circle":false,"Parameters":null,"UMinValue":0,"UMaxValue":0.011865230376372533}
[PP EDGE] {"Circle":true,"Parameters":[0.265,0.1115,0,-1,-0,-0,0.013000000000000012],"UMinValue":5.169588682185111,"UMaxValue":10.538374585763854}
[PP EDGE] {"Circle":true,"Parameters":[0.263,0.1115,0,-1,-0,-0,0.011],"UMinValue":0,"UMaxValue":6.283185307179586}
[PP REMOVED FACE] {"Plane":true,"Cone":false,"Cylinder":false,"Box":[0.265,0.09983520179372198,-0.013000000000000012,0.265,0.12450000000000001,0.013000000000000012],"CylinderParameters":null,"ConeParameters":null}
[PP REMOVED FACE] {"Plane":false,"Cone":false,"Cylinder":true,"Box":[0.263,0.1005,-0.011,0.265,0.1225,0.011],"CylinderParameters":[0.273,0.1115,0,-1,0,0,0.011],"ConeParameters":null}
[PP REMOVED FACE] {"Plane":false,"Cone":false,"Cylinder":true,"Box":[0.2635,0.09883358174755077,-0.00573868302024208,0.2660016200461712,0.1,0.00573868302024208],"CylinderParameters":[0,0,0,-1,-0,-0,0.1],"ConeParameters":null}
[PP REMOVED FACE] {"Plane":false,"Cone":true,"Cylinder":false,"Box":[0.263,0.09883358174755077,-0.013000000000000012,0.2660016200461712,0.12450000000000001,0.013000000000000012],"CylinderParameters":null,"ConeParameters":[0.263,0.1115,0,-1,-0,-0,0.011,0.7853981633974509,0,0,-1]}
[PP ISOLATED] 139,73451218597557; expected=139,73328938666825; whole delta=139,73430442344397
[P-P BOOLEAN RECONSTRUCTION OK] 1 removed bodies rejoined; both differences empty (0/0).
[TIFF PP OK] D22/X247..263; mouthD26/X265; 2x45; 99 samples.
[COMPLETED ENDINGS CHECK] PP
[TIFF OK] 10deg/D6.3 cylinder; bore edges=1; feed edges=2.
[TIFF AA OK] EXPERIMENT_AA_POINT_CYLINDER: cylinders=1, radial edges=1, feed edges=2.
[TIFF AA OK] EXPERIMENT_AA_RADIAL_CYLINDER: cylinders=1, radial edges=0, feed edges=0.
[TIFF AA OK] EXPERIMENT_AA_FEED_CYLINDER: cylinders=1, radial edges=0, feed edges=0.
[EXPERIMENT CHANNEL POINTS OK]120deg; old tip stations retained; both connections retained.
[COMPLETED ENDINGS CHECK] ChannelPoints
[TIFF OK] 10deg/D6.3 cylinder; bore edges=1; feed edges=2.
[TIFF AA OK] EXPERIMENT_AA_POINT_CYLINDER: cylinders=1, radial edges=1, feed edges=2.
[TIFF AA OK] EXPERIMENT_AA_RADIAL_CYLINDER: cylinders=1, radial edges=0, feed edges=0.
[TIFF AA OK] EXPERIMENT_AA_FEED_CYLINDER: cylinders=1, radial edges=0, feed edges=0.
[RADIAL END AUDIT] AA D6: residual flat caps=0,samples=0; experimental point=True.
[COMPLETED ENDINGS CHECK] FeedPoints
[RADIAL END AUDIT] AA D6: residual flat caps=0,samples=0; experimental point=True.
[TIFF AA OK] EXPERIMENT_AA_POINT_CYLINDER: cylinders=1, radial edges=1, feed edges=2.
[TIFF AA OK] EXPERIMENT_AA_RADIAL_CYLINDER: cylinders=1, radial edges=0, feed edges=0.
[TIFF AA OK] EXPERIMENT_AA_FEED_CYLINDER: cylinders=1, radial edges=0, feed edges=0.
[COMPLETED ENDINGS CHECK] RadialPoint
[M8 TRANSITIONS OK] both pilot/D6.3 cones; temporary thread length unchanged.
[COMPLETED ENDINGS CHECK] M8Transitions
[LEFT END OK] D82:X0..3,N=520,residual=7,105427357601002E-15.
[LEFT END OK] Bottom20:X0..3,0000000000000036,N=520,residual=0.
[LEFT END OK] SlotFloor:X0..25,N=260,residual=0.
[LEFT END OK] Outer45:X2,9999999999999987..5,N=325,residual=1,4210854715202004E-14.
[LEFT END OK] Bore30:X0..3,0000000000000036,N=260,residual=1,4210854715202004E-14.
[LEFT SLOT CHECK] floor39.5,R35 center25/74.5,width16,00000000000078;samples5742.
[COMPLETED ENDINGS CHECK] LeftEnd
[TIFF HEALTH OK] active=441, suppressed=34, one solid body.
[COMPLETED ENDINGS CHECK] Health
[COMPLETED ENDINGS REPORT] F:\Project\DrawingTo3D\CadTest\output\completed-endings-verification\d919a765be3a412094616974a054827e
